// Jest Snapshot v1, https://goo.gl/fbAQLP

exports[`Button component renders with default props 1`] = `
<View
  accessible={true}
  isTVSelectable={true}
  onResponderGrant={[Function]}
  onResponderMove={[Function]}
  onResponderRelease={[Function]}
  onResponderTerminate={[Function]}
  onResponderTerminationRequest={[Function]}
  onStartShouldSetResponder={[Function]}
  style={
    Object {
      "alignItems": "center",
      "backgroundColor": "grey",
      "borderRadius": 60,
      "height": 60,
      "justifyContent": "center",
      "opacity": 1,
      "width": "33%",
    }
  }
>
  <Text
    style={
      Object {
        "color": "white",
      }
    }
  >
    Button
  </Text>
</View>
`;
